// Jest Snapshot v1, https://goo.gl/fbAQLP

exports[`ThemeSwitcher test 1`] = `
<div>
  <div
    class="big:flex flex-row items-center mobile:hidden tablet:hidden"
  >
    <img
      class=" w-20 h-20"
      src=""
    />
    <span
      class="MuiSwitch-root MuiSwitch-sizeMedium css-julti5-MuiSwitch-root"
    >
      <span
        class="MuiButtonBase-root MuiSwitch-switchBase MuiSwitch-colorDefault PrivateSwitchBase-root MuiSwitch-switchBase MuiSwitch-colorDefault css-1i8lvs-MuiButtonBase-root-MuiSwitch-switchBase"
        data-testid="switch"
      >
        <input
          class="PrivateSwitchBase-input MuiSwitch-input css-1m9pwf3"
          id="theme-switcher"
          type="checkbox"
        />
        <span
          class="MuiSwitch-thumb css-jsexje-MuiSwitch-thumb"
        />
        <span
          class="MuiTouchRipple-root css-8je8zh-MuiTouchRipple-root"
        />
      </span>
      <span
        class="MuiSwitch-track css-1yjjitx-MuiSwitch-track"
      />
    </span>
    <img
      class="grayscale w-20 h-20"
      src=""
    />
  </div>
  <div
    class="flex flex-row items-center big:hidden block"
  >
    <img
      class="mobile:w-48 mobile:h-48 tablet:w-36 tablet:h-36"
      src=""
    />
  </div>
</div>
`;
